// Jest Snapshot v1, https://goo.gl/fbAQLP

exports[`The Layout component renders the content of the 'My Profile' page correctly into the DOM 1`] = `
Array [
  <header>
    <div
      className="container"
    >
      <nav
        className="navbar"
      >
        <a
          className="logo"
          href="/"
        >
          <img
            alt="Space Travelers' Hub"
            className="logo-image"
            src="logo.png"
          />
          <span
            className="app-name"
          >
            Space Travelers' Hub
          </span>
        </a>
        <ul
          id="navigation"
        >
          <li
            className="nav-item"
          >
            <a
              className={null}
              href="/rockets"
              onClick={[Function]}
            >
              Rockets
            </a>
          </li>
          <li
            className="nav-item"
          >
            <a
              className={null}
              href="/missions"
              onClick={[Function]}
            >
              Missions
            </a>
          </li>
          <li
            className="nav-item"
          >
            <a
              className={null}
              href="/my-profile"
              onClick={[Function]}
            >
              My Profile
            </a>
          </li>
        </ul>
      </nav>
    </div>
  </header>,
  <main>
    <header>
      <div
        className="container"
      >
        <nav
          className="navbar"
        >
          <a
            className="logo"
            href="/"
          >
            <img
              alt="Space Travelers' Hub"
              className="logo-image"
              src="logo.png"
            />
            <span
              className="app-name"
            >
              Space Travelers' Hub
            </span>
          </a>
          <ul
            id="navigation"
          >
            <li
              className="nav-item"
            >
              <a
                className={null}
                href="/rockets"
                onClick={[Function]}
              >
                Rockets
              </a>
            </li>
            <li
              className="nav-item"
            >
              <a
                className={null}
                href="/missions"
                onClick={[Function]}
              >
                Missions
              </a>
            </li>
            <li
              className="nav-item"
            >
              <a
                className={null}
                href="/my-profile"
                onClick={[Function]}
              >
                My Profile
              </a>
            </li>
          </ul>
        </nav>
      </div>
    </header>
    ,
    <main>
      <section
        id="missions"
      >
        <div
          className="container"
        >
          <div
            className="my-missions service"
          >
            <h2>
              My Missions
            </h2>
          </div>
        </div>
      </section>
    </main>
  </main>,
]
`;
