// Jest Snapshot v1, https://goo.gl/fbAQLP

exports[`The RocketsContent component renders correctly into the DOM 1`] = `
Object {
  "asFragment": [Function],
  "baseElement": <body>
    <div>
      <div
        class="rockets-list"
      >
        <div
          class="rocket-item"
        >
          <div
            class="rocket-image"
          >
            <img
              alt="Falcon 1"
              src="https://farm1.staticflickr.com/929/28787338307_3453a11a77_b.jpg"
            />
          </div>
          <div
            class="rocket-details"
          >
            <h2
              class="title"
            >
              Falcon 1
            </h2>
            <p
              class="description"
            >
              <span
                class="badge badge-blue"
              >
                Reserved
              </span>
               
              The Falcon 1 was an expendable launch system privately developed and manufactured by SpaceX during 2006-2009.
            </p>
            <div
              class="reserve"
            >
              <button
                class="btn btn-gray"
                type="button"
              >
                Cancel Reservation
              </button>
            </div>
          </div>
        </div>
      </div>
    </div>
  </body>,
  "container": <div>
    <div
      class="rockets-list"
    >
      <div
        class="rocket-item"
      >
        <div
          class="rocket-image"
        >
          <img
            alt="Falcon 1"
            src="https://farm1.staticflickr.com/929/28787338307_3453a11a77_b.jpg"
          />
        </div>
        <div
          class="rocket-details"
        >
          <h2
            class="title"
          >
            Falcon 1
          </h2>
          <p
            class="description"
          >
            <span
              class="badge badge-blue"
            >
              Reserved
            </span>
             
            The Falcon 1 was an expendable launch system privately developed and manufactured by SpaceX during 2006-2009.
          </p>
          <div
            class="reserve"
          >
            <button
              class="btn btn-gray"
              type="button"
            >
              Cancel Reservation
            </button>
          </div>
        </div>
      </div>
    </div>
  </div>,
  "debug": [Function],
  "findAllByAltText": [Function],
  "findAllByDisplayValue": [Function],
  "findAllByLabelText": [Function],
  "findAllByPlaceholderText": [Function],
  "findAllByRole": [Function],
  "findAllByTestId": [Function],
  "findAllByText": [Function],
  "findAllByTitle": [Function],
  "findByAltText": [Function],
  "findByDisplayValue": [Function],
  "findByLabelText": [Function],
  "findByPlaceholderText": [Function],
  "findByRole": [Function],
  "findByTestId": [Function],
  "findByText": [Function],
  "findByTitle": [Function],
  "getAllByAltText": [Function],
  "getAllByDisplayValue": [Function],
  "getAllByLabelText": [Function],
  "getAllByPlaceholderText": [Function],
  "getAllByRole": [Function],
  "getAllByTestId": [Function],
  "getAllByText": [Function],
  "getAllByTitle": [Function],
  "getByAltText": [Function],
  "getByDisplayValue": [Function],
  "getByLabelText": [Function],
  "getByPlaceholderText": [Function],
  "getByRole": [Function],
  "getByTestId": [Function],
  "getByText": [Function],
  "getByTitle": [Function],
  "queryAllByAltText": [Function],
  "queryAllByDisplayValue": [Function],
  "queryAllByLabelText": [Function],
  "queryAllByPlaceholderText": [Function],
  "queryAllByRole": [Function],
  "queryAllByTestId": [Function],
  "queryAllByText": [Function],
  "queryAllByTitle": [Function],
  "queryByAltText": [Function],
  "queryByDisplayValue": [Function],
  "queryByLabelText": [Function],
  "queryByPlaceholderText": [Function],
  "queryByRole": [Function],
  "queryByTestId": [Function],
  "queryByText": [Function],
  "queryByTitle": [Function],
  "rerender": [Function],
  "unmount": [Function],
}
`;
